###########################################################
####               ICTC Regression Report              ####
###########################################################
Total testcase run: 86
Passed            : 86
Failed            : 0
Unknown           : 0
Used time         : 4m 34s
-----------------------------------------------------------
Run log detail:
log/APB_100MHz_test_875006.log: => Passed
log/APB_20MHz_test_110393.log: => Passed
log/APB_50MHz_test_402392.log: => Passed
log/APB_random_test_487817.log: => Passed
log/dynamic_config_test_251438.log: => Passed
log/interrupt_rx_empty_dis_test_998772.log: => Passed
log/interrupt_rx_empty_en_test_857483.log: => Passed
log/interrupt_rx_full_dis_test_538606.log: => Passed
log/interrupt_rx_full_en_test_885660.log: => Passed
log/interrupt_tx_empty_dis_test_719347.log: => Passed
log/interrupt_tx_empty_en_test_406431.log: => Passed
log/interrupt_tx_full_dis_test_768371.log: => Passed
log/interrupt_tx_full_en_test_382538.log: => Passed
log/mismatch_cpha_test_559365.log: => Passed
log/mismatch_cpol_test_128512.log: => Passed
log/mismatch_slave_test_593829.log: => Passed
log/mismatch_word_test_300499.log: => Passed
log/reg_default_test_970073.log: => Passed
log/reg_rsvd_test_921299.log: => Passed
log/reg_rw_test_495126.log: => Passed
log/spi_busy_cfg_DLR_test_471994.log: => Passed
log/spi_busy_cfg_LCR_test_905121.log: => Passed
log/spi_en_16bit_cpol0_cpha0_slave0_test_365465.log: => Passed
log/spi_en_16bit_cpol0_cpha0_slave1_test_433508.log: => Passed
log/spi_en_16bit_cpol0_cpha0_slave2_test_579320.log: => Passed
log/spi_en_16bit_cpol0_cpha0_slave3_test_863316.log: => Passed
log/spi_en_16bit_cpol0_cpha1_slave0_test_199553.log: => Passed
log/spi_en_16bit_cpol0_cpha1_slave1_test_129553.log: => Passed
log/spi_en_16bit_cpol0_cpha1_slave2_test_461684.log: => Passed
log/spi_en_16bit_cpol0_cpha1_slave3_test_394686.log: => Passed
log/spi_en_16bit_cpol1_cpha0_slave0_test_357559.log: => Passed
log/spi_en_16bit_cpol1_cpha0_slave1_test_219175.log: => Passed
log/spi_en_16bit_cpol1_cpha0_slave2_test_373665.log: => Passed
log/spi_en_16bit_cpol1_cpha0_slave3_test_149658.log: => Passed
log/spi_en_16bit_cpol1_cpha1_slave0_test_233856.log: => Passed
log/spi_en_16bit_cpol1_cpha1_slave1_test_708590.log: => Passed
log/spi_en_16bit_cpol1_cpha1_slave2_test_882127.log: => Passed
log/spi_en_16bit_cpol1_cpha1_slave3_test_534476.log: => Passed
log/spi_en_8bit_cpol0_cpha0_slave0_test_746119.log: => Passed
log/spi_en_8bit_cpol0_cpha0_slave1_test_846273.log: => Passed
log/spi_en_8bit_cpol0_cpha0_slave2_test_472723.log: => Passed
log/spi_en_8bit_cpol0_cpha0_slave3_test_241845.log: => Passed
log/spi_en_8bit_cpol0_cpha1_slave0_test_224148.log: => Passed
log/spi_en_8bit_cpol0_cpha1_slave1_test_352181.log: => Passed
log/spi_en_8bit_cpol0_cpha1_slave2_test_774850.log: => Passed
log/spi_en_8bit_cpol0_cpha1_slave3_test_672564.log: => Passed
log/spi_en_8bit_cpol1_cpha0_slave0_test_910200.log: => Passed
log/spi_en_8bit_cpol1_cpha0_slave1_test_305458.log: => Passed
log/spi_en_8bit_cpol1_cpha0_slave2_test_636460.log: => Passed
log/spi_en_8bit_cpol1_cpha0_slave3_test_132640.log: => Passed
log/spi_en_8bit_cpol1_cpha1_slave0_test_642453.log: => Passed
log/spi_en_8bit_cpol1_cpha1_slave1_test_254431.log: => Passed
log/spi_en_8bit_cpol1_cpha1_slave2_test_763213.log: => Passed
log/spi_en_8bit_cpol1_cpha1_slave3_test_313034.log: => Passed
log/spi_non_16bit_cpol0_cpha0_slave0_test_999077.log: => Passed
log/spi_non_16bit_cpol0_cpha0_slave1_test_189973.log: => Passed
log/spi_non_16bit_cpol0_cpha0_slave2_test_192697.log: => Passed
log/spi_non_16bit_cpol0_cpha0_slave3_test_590073.log: => Passed
log/spi_non_16bit_cpol0_cpha1_slave0_test_994728.log: => Passed
log/spi_non_16bit_cpol0_cpha1_slave1_test_923287.log: => Passed
log/spi_non_16bit_cpol0_cpha1_slave2_test_452850.log: => Passed
log/spi_non_16bit_cpol0_cpha1_slave3_test_364270.log: => Passed
log/spi_non_16bit_cpol1_cpha0_slave0_test_598836.log: => Passed
log/spi_non_16bit_cpol1_cpha0_slave1_test_887334.log: => Passed
log/spi_non_16bit_cpol1_cpha0_slave2_test_645460.log: => Passed
log/spi_non_16bit_cpol1_cpha0_slave3_test_614414.log: => Passed
log/spi_non_16bit_cpol1_cpha1_slave0_test_274309.log: => Passed
log/spi_non_16bit_cpol1_cpha1_slave1_test_367938.log: => Passed
log/spi_non_16bit_cpol1_cpha1_slave2_test_296825.log: => Passed
log/spi_non_16bit_cpol1_cpha1_slave3_test_833620.log: => Passed
log/spi_non_8bit_cpol0_cpha0_slave0_test_222129.log: => Passed
log/spi_non_8bit_cpol0_cpha0_slave1_test_275895.log: => Passed
log/spi_non_8bit_cpol0_cpha0_slave2_test_695427.log: => Passed
log/spi_non_8bit_cpol0_cpha0_slave3_test_636898.log: => Passed
log/spi_non_8bit_cpol0_cpha1_slave0_test_376343.log: => Passed
log/spi_non_8bit_cpol0_cpha1_slave1_test_257808.log: => Passed
log/spi_non_8bit_cpol0_cpha1_slave2_test_174257.log: => Passed
log/spi_non_8bit_cpol0_cpha1_slave3_test_423306.log: => Passed
log/spi_non_8bit_cpol1_cpha0_slave0_test_442010.log: => Passed
log/spi_non_8bit_cpol1_cpha0_slave1_test_434070.log: => Passed
log/spi_non_8bit_cpol1_cpha0_slave2_test_582163.log: => Passed
log/spi_non_8bit_cpol1_cpha0_slave3_test_244579.log: => Passed
log/spi_non_8bit_cpol1_cpha1_slave0_test_389041.log: => Passed
log/spi_non_8bit_cpol1_cpha1_slave1_test_206613.log: => Passed
log/spi_non_8bit_cpol1_cpha1_slave2_test_624125.log: => Passed
log/spi_non_8bit_cpol1_cpha1_slave3_test_425733.log: => Passed
-----------------------------------------------------------
